Last login: Tue Oct  5 10:13:52 on ttys005
courtneyehanco1k-dce@TSS-DL-001A davesWoodLab % git add .
g%                                                                              courtneyehanco1k-dce@TSS-DL-001A davesWoodLab % git commit -m "Edit single post"
[master 9890f15] Edit single post
 Committer: Hancock <courtneyehanco1k-dce@TSS-DL-001A.local>
Your name and email address were configured automatically based
on your username and hostname. Please check that they are accurate.
You can suppress this message by setting them explicitly. Run the
following command and follow the instructions in your editor to edit
your configuration file:

    git config --global --edit

After doing this, you may fix the identity used for this commit with:

    git commit --amend --reset-author

 1 file changed, 6 insertions(+), 13 deletions(-)
courtneyehanco1k-dce@TSS-DL-001A davesWoodLab % git push
remote: Invalid username or password.
fatal: Authentication failed for 'https://github.com/courtneyehancock/davesWoodLab.git/'
courtneyehanco1k-dce@TSS-DL-001A davesWoodLab % git push
Username for 'https://github.com': courtneyehancock
Password for 'https://courtneyehancock@github.com': 
remote: Support for password authentication was removed on August 13, 2021. Please use a personal access token instead.
remote: Please see https://github.blog/2020-12-15-token-authentication-requirements-for-git-operations/ for more information.
fatal: Authentication failed for 'https://github.com/courtneyehancock/davesWoodLab.git/'
courtneyehanco1k-dce@TSS-DL-001A davesWoodLab % git add .
courtneyehanco1k-dce@TSS-DL-001A davesWoodLab % git commit -m "Test"
On branch master
Your branch is ahead of 'origin/master' by 1 commit.
  (use "git push" to publish your local commits)

nothing to commit, working tree clean
courtneyehanco1k-dce@TSS-DL-001A davesWoodLab % git push
Username for 'https://github.com': courtneyehancock
Password for 'https://courtneyehancock@github.com': 
remote: Support for password authentication was removed on August 13, 2021. Please use a personal access token instead.
remote: Please see https://github.blog/2020-12-15-token-authentication-requirements-for-git-operations/ for more information.
fatal: Authentication failed for 'https://github.com/courtneyehancock/davesWoodLab.git/'
courtneyehanco1k-dce@TSS-DL-001A davesWoodLab % git push
Username for 'https://github.com': courtneyehancock
Password for 'https://courtneyehancock@github.com': 
remote: Support for password authentication was removed on August 13, 2021. Please use a personal access token instead.
remote: Please see https://github.blog/2020-12-15-token-authentication-requirements-for-git-operations/ for more information.
fatal: Authentication failed for 'https://github.com/courtneyehancock/davesWoodLab.git/'
courtneyehanco1k-dce@TSS-DL-001A davesWoodLab % git push
Username for 'https://github.com': courtneyehancock
Password for 'https://courtneyehancock@github.com': 
To https://github.com/courtneyehancock/davesWoodLab.git
 ! [rejected]        master -> master (fetch first)
error: failed to push some refs to 'https://github.com/courtneyehancock/davesWoodLab.git'
hint: Updates were rejected because the remote contains work that you do
hint: not have locally. This is usually caused by another repository pushing
hint: to the same ref. You may want to first integrate the remote changes
hint: (e.g., 'git pull ...') before pushing again.
hint: See the 'Note about fast-forwards' in 'git push --help' for details.
courtneyehanco1k-dce@TSS-DL-001A davesWoodLab % git pull 
remote: Enumerating objects: 18, done.
remote: Counting objects: 100% (18/18), done.
remote: Compressing objects: 100% (16/16), done.
remote: Total 18 (delta 3), reused 14 (delta 2), pack-reused 0
Unpacking objects: 100% (18/18), done.
From https://github.com/courtneyehancock/davesWoodLab
   f73accf..e8bf28d  master     -> origin/master
hint: Waiting for your editor to close the file... 
Merge branch 'master' of https://github.com/courtneyehancock/davesWoodLab

# Please enter a commit message to explain why this merge is necessary,
# especially if it merges an updated upstream into a topic branch.
Pulling theme to update

.
~                                                                               
~                                                                               
~                                                                               
~                                                                               
~                                                                               
~                                                                               
~                                                                               
~                                                                               
~                                                                               
~                                                                               
~                                                                               
~                                                                               
~                                                                               
~                                                                               
~                                                                               
~                                                                               
-- INSERT --
